2026-05-16 00:00:03.559 [pool-2-thread-1] INFO  a88.jbay.client.ServerConnection - Sending request: PING
2026-05-16 00:00:03.722 [Thread-5] DEBUG a88.jbay.client.ServerConnection - Received response: PONG
2026-05-16 00:00:03.723 [JavaFX Application Thread] DEBUG a88.jbay.client.ResponseHandler - Received PONG from server
2026-05-16 00:00:13.558 [pool-2-thread-1] INFO  a88.jbay.client.ServerConnection - Sending request: PING
2026-05-16 00:00:13.707 [Thread-5] DEBUG a88.jbay.client.ServerConnection - Received response: PONG
2026-05-16 00:00:13.707 [JavaFX Application Thread] DEBUG a88.jbay.client.ResponseHandler - Received PONG from server
2026-05-16 00:00:23.556 [pool-2-thread-1] INFO  a88.jbay.client.ServerConnection - Sending request: PING
2026-05-16 00:00:23.703 [Thread-5] DEBUG a88.jbay.client.ServerConnection - Received response: PONG
2026-05-16 00:00:23.703 [JavaFX Application Thread] DEBUG a88.jbay.client.ResponseHandler - Received PONG from server
2026-05-16 00:00:33.556 [pool-2-thread-1] INFO  a88.jbay.client.ServerConnection - Sending request: PING
2026-05-16 00:00:33.704 [Thread-5] DEBUG a88.jbay.client.ServerConnection - Received response: PONG
2026-05-16 00:00:33.704 [JavaFX Application Thread] DEBUG a88.jbay.client.ResponseHandler - Received PONG from server
2026-05-16 00:00:43.556 [pool-2-thread-1] INFO  a88.jbay.client.ServerConnection - Sending request: PING
2026-05-16 00:00:43.704 [Thread-5] DEBUG a88.jbay.client.ServerConnection - Received response: PONG
2026-05-16 00:00:43.705 [JavaFX Application Thread] DEBUG a88.jbay.client.ResponseHandler - Received PONG from server
2026-05-16 00:00:53.555 [pool-2-thread-1] INFO  a88.jbay.client.ServerConnection - Sending request: PING
2026-05-16 00:00:53.703 [Thread-5] DEBUG a88.jbay.client.ServerConnection - Received response: PONG
2026-05-16 00:00:53.703 [JavaFX Application Thread] DEBUG a88.jbay.client.ResponseHandler - Received PONG from server
2026-05-16 00:01:03.555 [pool-2-thread-1] INFO  a88.jbay.client.ServerConnection - Sending request: PING
2026-05-16 00:01:03.704 [Thread-5] DEBUG a88.jbay.client.ServerConnection - Received response: PONG
2026-05-16 00:01:03.704 [JavaFX Application Thread] DEBUG a88.jbay.client.ResponseHandler - Received PONG from server
2026-05-16 00:01:13.557 [pool-2-thread-1] INFO  a88.jbay.client.ServerConnection - Sending request: PING
2026-05-16 00:01:13.705 [Thread-5] DEBUG a88.jbay.client.ServerConnection - Received response: PONG
2026-05-16 00:01:13.705 [JavaFX Application Thread] DEBUG a88.jbay.client.ResponseHandler - Received PONG from server
2026-05-16 00:01:23.560 [pool-2-thread-1] INFO  a88.jbay.client.ServerConnection - Sending request: PING
2026-05-16 00:01:23.708 [Thread-5] DEBUG a88.jbay.client.ServerConnection - Received response: PONG
2026-05-16 00:01:23.708 [JavaFX Application Thread] DEBUG a88.jbay.client.ResponseHandler - Received PONG from server
2026-05-16 00:01:33.560 [pool-2-thread-1] INFO  a88.jbay.client.ServerConnection - Sending request: PING
2026-05-16 00:01:33.706 [Thread-5] DEBUG a88.jbay.client.ServerConnection - Received response: PONG
2026-05-16 00:01:33.707 [JavaFX Application Thread] DEBUG a88.jbay.client.ResponseHandler - Received PONG from server
2026-05-16 00:01:43.560 [pool-2-thread-1] INFO  a88.jbay.client.ServerConnection - Sending request: PING
2026-05-16 00:01:43.706 [Thread-5] DEBUG a88.jbay.client.ServerConnection - Received response: PONG
2026-05-16 00:01:43.706 [JavaFX Application Thread] DEBUG a88.jbay.client.ResponseHandler - Received PONG from server
2026-05-16 00:01:53.559 [pool-2-thread-1] INFO  a88.jbay.client.ServerConnection - Sending request: PING
2026-05-16 00:01:53.707 [Thread-5] DEBUG a88.jbay.client.ServerConnection - Received response: PONG
2026-05-16 00:01:53.707 [JavaFX Application Thread] DEBUG a88.jbay.client.ResponseHandler - Received PONG from server
2026-05-16 00:02:03.557 [pool-2-thread-1] INFO  a88.jbay.client.ServerConnection - Sending request: PING
2026-05-16 00:02:03.708 [Thread-5] DEBUG a88.jbay.client.ServerConnection - Received response: PONG
2026-05-16 00:02:03.708 [JavaFX Application Thread] DEBUG a88.jbay.client.ResponseHandler - Received PONG from server
2026-05-16 00:02:13.560 [pool-2-thread-1] INFO  a88.jbay.client.ServerConnection - Sending request: PING
2026-05-16 00:02:13.709 [Thread-5] DEBUG a88.jbay.client.ServerConnection - Received response: PONG
2026-05-16 00:02:13.709 [JavaFX Application Thread] DEBUG a88.jbay.client.ResponseHandler - Received PONG from server
2026-05-16 00:02:23.560 [pool-2-thread-1] INFO  a88.jbay.client.ServerConnection - Sending request: PING
2026-05-16 00:02:23.708 [Thread-5] DEBUG a88.jbay.client.ServerConnection - Received response: PONG
2026-05-16 00:02:23.708 [JavaFX Application Thread] DEBUG a88.jbay.client.ResponseHandler - Received PONG from server
2026-05-16 00:02:33.561 [pool-2-thread-1] INFO  a88.jbay.client.ServerConnection - Sending request: PING
2026-05-16 00:02:33.710 [Thread-5] DEBUG a88.jbay.client.ServerConnection - Received response: PONG
2026-05-16 00:02:33.710 [JavaFX Application Thread] DEBUG a88.jbay.client.ResponseHandler - Received PONG from server
2026-05-16 00:02:43.558 [pool-2-thread-1] INFO  a88.jbay.client.ServerConnection - Sending request: PING
2026-05-16 00:02:43.707 [Thread-5] DEBUG a88.jbay.client.ServerConnection - Received response: PONG
2026-05-16 00:02:43.707 [JavaFX Application Thread] DEBUG a88.jbay.client.ResponseHandler - Received PONG from server
2026-05-16 00:02:53.560 [pool-2-thread-1] INFO  a88.jbay.client.ServerConnection - Sending request: PING
2026-05-16 00:02:53.712 [Thread-5] DEBUG a88.jbay.client.ServerConnection - Received response: PONG
2026-05-16 00:02:53.712 [JavaFX Application Thread] DEBUG a88.jbay.client.ResponseHandler - Received PONG from server
2026-05-16 00:03:03.560 [pool-2-thread-1] INFO  a88.jbay.client.ServerConnection - Sending request: PING
2026-05-16 00:03:03.709 [Thread-5] DEBUG a88.jbay.client.ServerConnection - Received response: PONG
2026-05-16 00:03:03.709 [JavaFX Application Thread] DEBUG a88.jbay.client.ResponseHandler - Received PONG from server
2026-05-16 00:03:13.561 [pool-2-thread-1] INFO  a88.jbay.client.ServerConnection - Sending request: PING
2026-05-16 00:03:13.708 [Thread-5] DEBUG a88.jbay.client.ServerConnection - Received response: PONG
2026-05-16 00:03:13.708 [JavaFX Application Thread] DEBUG a88.jbay.client.ResponseHandler - Received PONG from server
2026-05-16 00:03:23.558 [pool-2-thread-1] INFO  a88.jbay.client.ServerConnection - Sending request: PING
2026-05-16 00:03:23.707 [Thread-5] DEBUG a88.jbay.client.ServerConnection - Received response: PONG
2026-05-16 00:03:23.708 [JavaFX Application Thread] DEBUG a88.jbay.client.ResponseHandler - Received PONG from server
2026-05-16 00:03:33.557 [pool-2-thread-1] INFO  a88.jbay.client.ServerConnection - Sending request: PING
2026-05-16 00:03:33.705 [Thread-5] DEBUG a88.jbay.client.ServerConnection - Received response: PONG
2026-05-16 00:03:33.706 [JavaFX Application Thread] DEBUG a88.jbay.client.ResponseHandler - Received PONG from server
2026-05-16 00:03:43.560 [pool-2-thread-1] INFO  a88.jbay.client.ServerConnection - Sending request: PING
2026-05-16 00:03:43.708 [Thread-5] DEBUG a88.jbay.client.ServerConnection - Received response: PONG
2026-05-16 00:03:43.709 [JavaFX Application Thread] DEBUG a88.jbay.client.ResponseHandler - Received PONG from server
2026-05-16 00:03:53.562 [pool-2-thread-1] INFO  a88.jbay.client.ServerConnection - Sending request: PING
2026-05-16 00:03:53.710 [Thread-5] DEBUG a88.jbay.client.ServerConnection - Received response: PONG
2026-05-16 00:03:53.710 [JavaFX Application Thread] DEBUG a88.jbay.client.ResponseHandler - Received PONG from server
2026-05-16 00:04:03.564 [pool-2-thread-1] INFO  a88.jbay.client.ServerConnection - Sending request: PING
2026-05-16 00:04:03.734 [Thread-5] DEBUG a88.jbay.client.ServerConnection - Received response: PONG
2026-05-16 00:04:03.734 [JavaFX Application Thread] DEBUG a88.jbay.client.ResponseHandler - Received PONG from server
2026-05-16 00:04:13.565 [pool-2-thread-1] INFO  a88.jbay.client.ServerConnection - Sending request: PING
2026-05-16 00:04:13.713 [Thread-5] DEBUG a88.jbay.client.ServerConnection - Received response: PONG
2026-05-16 00:04:13.713 [JavaFX Application Thread] DEBUG a88.jbay.client.ResponseHandler - Received PONG from server
2026-05-16 00:04:23.565 [pool-2-thread-1] INFO  a88.jbay.client.ServerConnection - Sending request: PING
2026-05-16 00:04:23.713 [Thread-5] DEBUG a88.jbay.client.ServerConnection - Received response: PONG
2026-05-16 00:04:23.713 [JavaFX Application Thread] DEBUG a88.jbay.client.ResponseHandler - Received PONG from server
2026-05-16 00:04:33.568 [pool-2-thread-1] INFO  a88.jbay.client.ServerConnection - Sending request: PING
2026-05-16 00:04:33.714 [Thread-5] DEBUG a88.jbay.client.ServerConnection - Received response: PONG
2026-05-16 00:04:33.715 [JavaFX Application Thread] DEBUG a88.jbay.client.ResponseHandler - Received PONG from server
2026-05-16 00:04:43.569 [pool-2-thread-1] INFO  a88.jbay.client.ServerConnection - Sending request: PING
2026-05-16 00:04:43.720 [Thread-5] DEBUG a88.jbay.client.ServerConnection - Received response: PONG
2026-05-16 00:04:43.720 [JavaFX Application Thread] DEBUG a88.jbay.client.ResponseHandler - Received PONG from server
2026-05-16 00:04:53.569 [pool-2-thread-1] INFO  a88.jbay.client.ServerConnection - Sending request: PING
2026-05-16 00:04:53.722 [Thread-5] DEBUG a88.jbay.client.ServerConnection - Received response: PONG
2026-05-16 00:04:53.722 [JavaFX Application Thread] DEBUG a88.jbay.client.ResponseHandler - Received PONG from server
2026-05-16 00:05:03.569 [pool-2-thread-1] INFO  a88.jbay.client.ServerConnection - Sending request: PING
2026-05-16 00:05:03.718 [Thread-5] DEBUG a88.jbay.client.ServerConnection - Received response: PONG
2026-05-16 00:05:03.718 [JavaFX Application Thread] DEBUG a88.jbay.client.ResponseHandler - Received PONG from server
2026-05-16 00:05:13.568 [pool-2-thread-1] INFO  a88.jbay.client.ServerConnection - Sending request: PING
2026-05-16 00:05:13.727 [Thread-5] DEBUG a88.jbay.client.ServerConnection - Received response: PONG
2026-05-16 00:05:13.727 [JavaFX Application Thread] DEBUG a88.jbay.client.ResponseHandler - Received PONG from server
2026-05-16 00:05:23.568 [pool-2-thread-1] INFO  a88.jbay.client.ServerConnection - Sending request: PING
2026-05-16 00:05:23.722 [Thread-5] DEBUG a88.jbay.client.ServerConnection - Received response: PONG
2026-05-16 00:05:23.723 [JavaFX Application Thread] DEBUG a88.jbay.client.ResponseHandler - Received PONG from server
2026-05-16 00:05:33.569 [pool-2-thread-1] INFO  a88.jbay.client.ServerConnection - Sending request: PING
2026-05-16 00:05:33.718 [Thread-5] DEBUG a88.jbay.client.ServerConnection - Received response: PONG
2026-05-16 00:05:33.718 [JavaFX Application Thread] DEBUG a88.jbay.client.ResponseHandler - Received PONG from server
2026-05-16 00:05:43.569 [pool-2-thread-1] INFO  a88.jbay.client.ServerConnection - Sending request: PING
2026-05-16 00:05:43.718 [Thread-5] DEBUG a88.jbay.client.ServerConnection - Received response: PONG
2026-05-16 00:05:43.718 [JavaFX Application Thread] DEBUG a88.jbay.client.ResponseHandler - Received PONG from server
2026-05-16 00:05:53.568 [pool-2-thread-1] INFO  a88.jbay.client.ServerConnection - Sending request: PING
2026-05-16 00:05:53.721 [Thread-5] DEBUG a88.jbay.client.ServerConnection - Received response: PONG
2026-05-16 00:05:53.721 [JavaFX Application Thread] DEBUG a88.jbay.client.ResponseHandler - Received PONG from server
2026-05-16 00:06:02.969 [JavaFX Application Thread] DEBUG a.j.c.c.SellerBidderHomeScreenController - Seller UI initialized with 7 auctions
2026-05-16 00:06:02.999 [JavaFX Application Thread] DEBUG a.j.c.c.SellerBidderHomeScreenController - Bidder UI initialized with 9 auctions
2026-05-16 00:06:03.566 [pool-2-thread-1] INFO  a88.jbay.client.ServerConnection - Sending request: PING
2026-05-16 00:06:03.718 [Thread-5] DEBUG a88.jbay.client.ServerConnection - Received response: PONG
2026-05-16 00:06:03.719 [JavaFX Application Thread] DEBUG a88.jbay.client.ResponseHandler - Received PONG from server
2026-05-16 00:06:13.566 [pool-2-thread-1] INFO  a88.jbay.client.ServerConnection - Sending request: PING
2026-05-16 00:06:13.716 [Thread-5] DEBUG a88.jbay.client.ServerConnection - Received response: PONG
2026-05-16 00:06:13.716 [JavaFX Application Thread] DEBUG a88.jbay.client.ResponseHandler - Received PONG from server
2026-05-16 00:06:23.566 [pool-2-thread-1] INFO  a88.jbay.client.ServerConnection - Sending request: PING
2026-05-16 00:06:23.718 [Thread-5] DEBUG a88.jbay.client.ServerConnection - Received response: PONG
2026-05-16 00:06:23.719 [JavaFX Application Thread] DEBUG a88.jbay.client.ResponseHandler - Received PONG from server
2026-05-16 00:06:33.566 [pool-2-thread-1] INFO  a88.jbay.client.ServerConnection - Sending request: PING
2026-05-16 00:06:33.722 [Thread-5] DEBUG a88.jbay.client.ServerConnection - Received response: PONG
2026-05-16 00:06:33.722 [JavaFX Application Thread] DEBUG a88.jbay.client.ResponseHandler - Received PONG from server
2026-05-16 00:06:43.567 [pool-2-thread-1] INFO  a88.jbay.client.ServerConnection - Sending request: PING
2026-05-16 00:06:43.731 [Thread-5] DEBUG a88.jbay.client.ServerConnection - Received response: PONG
2026-05-16 00:06:43.731 [JavaFX Application Thread] DEBUG a88.jbay.client.ResponseHandler - Received PONG from server
2026-05-16 00:06:53.570 [pool-2-thread-1] INFO  a88.jbay.client.ServerConnection - Sending request: PING
2026-05-16 00:06:53.722 [Thread-5] DEBUG a88.jbay.client.ServerConnection - Received response: PONG
2026-05-16 00:06:53.723 [JavaFX Application Thread] DEBUG a88.jbay.client.ResponseHandler - Received PONG from server
2026-05-16 00:07:03.566 [pool-2-thread-1] INFO  a88.jbay.client.ServerConnection - Sending request: PING
2026-05-16 00:07:03.726 [Thread-5] DEBUG a88.jbay.client.ServerConnection - Received response: PONG
2026-05-16 00:07:03.726 [JavaFX Application Thread] DEBUG a88.jbay.client.ResponseHandler - Received PONG from server
2026-05-16 00:07:13.569 [pool-2-thread-1] INFO  a88.jbay.client.ServerConnection - Sending request: PING
2026-05-16 00:07:13.718 [Thread-5] DEBUG a88.jbay.client.ServerConnection - Received response: PONG
2026-05-16 00:07:13.718 [JavaFX Application Thread] DEBUG a88.jbay.client.ResponseHandler - Received PONG from server
2026-05-16 00:07:23.569 [pool-2-thread-1] INFO  a88.jbay.client.ServerConnection - Sending request: PING
2026-05-16 00:07:23.718 [Thread-5] DEBUG a88.jbay.client.ServerConnection - Received response: PONG
2026-05-16 00:07:23.719 [JavaFX Application Thread] DEBUG a88.jbay.client.ResponseHandler - Received PONG from server
2026-05-16 00:07:25.866 [JavaFX Application Thread] DEBUG a.j.c.c.SellerBidderHomeScreenController - Seller UI initialized with 7 auctions
2026-05-16 00:07:25.896 [JavaFX Application Thread] DEBUG a.j.c.c.SellerBidderHomeScreenController - Bidder UI initialized with 9 auctions
2026-05-16 00:07:33.570 [pool-2-thread-1] INFO  a88.jbay.client.ServerConnection - Sending request: PING
2026-05-16 00:07:33.728 [Thread-5] DEBUG a88.jbay.client.ServerConnection - Received response: PONG
2026-05-16 00:07:33.728 [JavaFX Application Thread] DEBUG a88.jbay.client.ResponseHandler - Received PONG from server
2026-05-16 00:07:43.567 [pool-2-thread-1] INFO  a88.jbay.client.ServerConnection - Sending request: PING
2026-05-16 00:07:43.721 [Thread-5] DEBUG a88.jbay.client.ServerConnection - Received response: PONG
2026-05-16 00:07:43.721 [JavaFX Application Thread] DEBUG a88.jbay.client.ResponseHandler - Received PONG from server
2026-05-16 00:07:53.569 [pool-2-thread-1] INFO  a88.jbay.client.ServerConnection - Sending request: PING
2026-05-16 00:07:53.727 [Thread-5] DEBUG a88.jbay.client.ServerConnection - Received response: PONG
2026-05-16 00:07:53.727 [JavaFX Application Thread] DEBUG a88.jbay.client.ResponseHandler - Received PONG from server
2026-05-16 00:08:03.571 [pool-2-thread-1] INFO  a88.jbay.client.ServerConnection - Sending request: PING
2026-05-16 00:08:03.737 [Thread-5] DEBUG a88.jbay.client.ServerConnection - Received response: PONG
2026-05-16 00:08:03.737 [JavaFX Application Thread] DEBUG a88.jbay.client.ResponseHandler - Received PONG from server
2026-05-16 00:08:13.568 [pool-2-thread-1] INFO  a88.jbay.client.ServerConnection - Sending request: PING
2026-05-16 00:08:13.715 [Thread-5] DEBUG a88.jbay.client.ServerConnection - Received response: PONG
2026-05-16 00:08:13.715 [JavaFX Application Thread] DEBUG a88.jbay.client.ResponseHandler - Received PONG from server
2026-05-16 00:08:23.567 [pool-2-thread-1] INFO  a88.jbay.client.ServerConnection - Sending request: PING
2026-05-16 00:08:23.717 [Thread-5] DEBUG a88.jbay.client.ServerConnection - Received response: PONG
2026-05-16 00:08:23.717 [JavaFX Application Thread] DEBUG a88.jbay.client.ResponseHandler - Received PONG from server
2026-05-16 00:08:33.571 [pool-2-thread-1] INFO  a88.jbay.client.ServerConnection - Sending request: PING
2026-05-16 00:08:33.722 [Thread-5] DEBUG a88.jbay.client.ServerConnection - Received response: PONG
2026-05-16 00:08:33.722 [JavaFX Application Thread] DEBUG a88.jbay.client.ResponseHandler - Received PONG from server
2026-05-16 00:08:43.567 [pool-2-thread-1] INFO  a88.jbay.client.ServerConnection - Sending request: PING
2026-05-16 00:08:43.723 [Thread-5] DEBUG a88.jbay.client.ServerConnection - Received response: PONG
2026-05-16 00:08:43.723 [JavaFX Application Thread] DEBUG a88.jbay.client.ResponseHandler - Received PONG from server
2026-05-16 00:08:53.568 [pool-2-thread-1] INFO  a88.jbay.client.ServerConnection - Sending request: PING
2026-05-16 00:08:53.723 [Thread-5] DEBUG a88.jbay.client.ServerConnection - Received response: PONG
2026-05-16 00:08:53.724 [JavaFX Application Thread] DEBUG a88.jbay.client.ResponseHandler - Received PONG from server
2026-05-16 00:09:03.570 [pool-2-thread-1] INFO  a88.jbay.client.ServerConnection - Sending request: PING
2026-05-16 00:09:03.724 [Thread-5] DEBUG a88.jbay.client.ServerConnection - Received response: PONG
2026-05-16 00:09:03.724 [JavaFX Application Thread] DEBUG a88.jbay.client.ResponseHandler - Received PONG from server
2026-05-16 00:09:13.571 [pool-2-thread-1] INFO  a88.jbay.client.ServerConnection - Sending request: PING
2026-05-16 00:09:13.719 [Thread-5] DEBUG a88.jbay.client.ServerConnection - Received response: PONG
2026-05-16 00:09:13.720 [JavaFX Application Thread] DEBUG a88.jbay.client.ResponseHandler - Received PONG from server
2026-05-16 00:09:23.570 [pool-2-thread-1] INFO  a88.jbay.client.ServerConnection - Sending request: PING
2026-05-16 00:09:23.722 [Thread-5] DEBUG a88.jbay.client.ServerConnection - Received response: PONG
2026-05-16 00:09:23.723 [JavaFX Application Thread] DEBUG a88.jbay.client.ResponseHandler - Received PONG from server
2026-05-16 00:09:33.572 [pool-2-thread-1] INFO  a88.jbay.client.ServerConnection - Sending request: PING
2026-05-16 00:09:33.727 [Thread-5] DEBUG a88.jbay.client.ServerConnection - Received response: PONG
2026-05-16 00:09:33.728 [JavaFX Application Thread] DEBUG a88.jbay.client.ResponseHandler - Received PONG from server
2026-05-16 00:09:43.568 [pool-2-thread-1] INFO  a88.jbay.client.ServerConnection - Sending request: PING
2026-05-16 00:09:43.726 [Thread-5] DEBUG a88.jbay.client.ServerConnection - Received response: PONG
2026-05-16 00:09:43.726 [JavaFX Application Thread] DEBUG a88.jbay.client.ResponseHandler - Received PONG from server
2026-05-16 00:09:53.570 [pool-2-thread-1] INFO  a88.jbay.client.ServerConnection - Sending request: PING
2026-05-16 00:09:53.723 [Thread-5] DEBUG a88.jbay.client.ServerConnection - Received response: PONG
2026-05-16 00:09:53.723 [JavaFX Application Thread] DEBUG a88.jbay.client.ResponseHandler - Received PONG from server
2026-05-16 00:10:03.569 [pool-2-thread-1] INFO  a88.jbay.client.ServerConnection - Sending request: PING
2026-05-16 00:10:03.730 [Thread-5] DEBUG a88.jbay.client.ServerConnection - Received response: PONG
2026-05-16 00:10:03.730 [JavaFX Application Thread] DEBUG a88.jbay.client.ResponseHandler - Received PONG from server
2026-05-16 00:10:13.569 [pool-2-thread-1] INFO  a88.jbay.client.ServerConnection - Sending request: PING
2026-05-16 00:10:13.716 [Thread-5] DEBUG a88.jbay.client.ServerConnection - Received response: PONG
2026-05-16 00:10:13.716 [JavaFX Application Thread] DEBUG a88.jbay.client.ResponseHandler - Received PONG from server
2026-05-16 00:10:23.569 [pool-2-thread-1] INFO  a88.jbay.client.ServerConnection - Sending request: PING
2026-05-16 00:10:23.723 [Thread-5] DEBUG a88.jbay.client.ServerConnection - Received response: PONG
2026-05-16 00:10:23.723 [JavaFX Application Thread] DEBUG a88.jbay.client.ResponseHandler - Received PONG from server
2026-05-16 00:10:33.568 [pool-2-thread-1] INFO  a88.jbay.client.ServerConnection - Sending request: PING
2026-05-16 00:10:33.721 [Thread-5] DEBUG a88.jbay.client.ServerConnection - Received response: PONG
2026-05-16 00:10:33.722 [JavaFX Application Thread] DEBUG a88.jbay.client.ResponseHandler - Received PONG from server
2026-05-16 00:10:43.569 [pool-2-thread-1] INFO  a88.jbay.client.ServerConnection - Sending request: PING
2026-05-16 00:10:43.722 [Thread-5] DEBUG a88.jbay.client.ServerConnection - Received response: PONG
2026-05-16 00:10:43.722 [JavaFX Application Thread] DEBUG a88.jbay.client.ResponseHandler - Received PONG from server
2026-05-16 00:10:53.572 [pool-2-thread-1] INFO  a88.jbay.client.ServerConnection - Sending request: PING
2026-05-16 00:10:53.726 [Thread-5] DEBUG a88.jbay.client.ServerConnection - Received response: PONG
2026-05-16 00:10:53.726 [JavaFX Application Thread] DEBUG a88.jbay.client.ResponseHandler - Received PONG from server
2026-05-16 00:11:03.572 [pool-2-thread-1] INFO  a88.jbay.client.ServerConnection - Sending request: PING
2026-05-16 00:11:03.719 [Thread-5] DEBUG a88.jbay.client.ServerConnection - Received response: PONG
2026-05-16 00:11:03.719 [JavaFX Application Thread] DEBUG a88.jbay.client.ResponseHandler - Received PONG from server
2026-05-16 00:11:13.573 [pool-2-thread-1] INFO  a88.jbay.client.ServerConnection - Sending request: PING
2026-05-16 00:11:13.722 [Thread-5] DEBUG a88.jbay.client.ServerConnection - Received response: PONG
2026-05-16 00:11:13.722 [JavaFX Application Thread] DEBUG a88.jbay.client.ResponseHandler - Received PONG from server
2026-05-16 00:11:23.569 [pool-2-thread-1] INFO  a88.jbay.client.ServerConnection - Sending request: PING
2026-05-16 00:11:23.718 [Thread-5] DEBUG a88.jbay.client.ServerConnection - Received response: PONG
2026-05-16 00:11:23.718 [JavaFX Application Thread] DEBUG a88.jbay.client.ResponseHandler - Received PONG from server
